// Jest Snapshot v1, https://goo.gl/fbAQLP

exports[`Nav should match the snapshot 1`] = `
ShallowWrapper {
  Symbol(enzyme.__root__): [Circular],
  Symbol(enzyme.__unrendered__): <Nav />,
  Symbol(enzyme.__renderer__): Object {
    "batchedUpdates": [Function],
    "getNode": [Function],
    "render": [Function],
    "simulateError": [Function],
    "simulateEvent": [Function],
    "unmount": [Function],
  },
  Symbol(enzyme.__node__): Object {
    "instance": null,
    "key": undefined,
    "nodeType": "host",
    "props": Object {
      "children": Array [
        <NavLink
          activeClassName="active"
          aria-current="page"
          className="navlink"
          to="/relevant"
        >
          Relevant Articles
        </NavLink>,
        <NavLink
          activeClassName="active"
          aria-current="page"
          className="navlink"
          to="/current"
        >
          Current Events
        </NavLink>,
        <NavLink
          activeClassName="active"
          aria-current="page"
          className="navlink"
          to="/about"
        >
          What is Torcano?
        </NavLink>,
      ],
    },
    "ref": null,
    "rendered": Array [
      Object {
        "instance": null,
        "key": undefined,
        "nodeType": "function",
        "props": Object {
          "activeClassName": "active",
          "aria-current": "page",
          "children": "Relevant Articles",
          "className": "navlink",
          "to": "/relevant",
        },
        "ref": null,
        "rendered": "Relevant Articles",
        "type": [Function],
      },
      Object {
        "instance": null,
        "key": undefined,
        "nodeType": "function",
        "props": Object {
          "activeClassName": "active",
          "aria-current": "page",
          "children": "Current Events",
          "className": "navlink",
          "to": "/current",
        },
        "ref": null,
        "rendered": "Current Events",
        "type": [Function],
      },
      Object {
        "instance": null,
        "key": undefined,
        "nodeType": "function",
        "props": Object {
          "activeClassName": "active",
          "aria-current": "page",
          "children": "What is Torcano?",
          "className": "navlink",
          "to": "/about",
        },
        "ref": null,
        "rendered": "What is Torcano?",
        "type": [Function],
      },
    ],
    "type": "nav",
  },
  Symbol(enzyme.__nodes__): Array [
    Object {
      "instance": null,
      "key": undefined,
      "nodeType": "host",
      "props": Object {
        "children": Array [
          <NavLink
            activeClassName="active"
            aria-current="page"
            className="navlink"
            to="/relevant"
          >
            Relevant Articles
          </NavLink>,
          <NavLink
            activeClassName="active"
            aria-current="page"
            className="navlink"
            to="/current"
          >
            Current Events
          </NavLink>,
          <NavLink
            activeClassName="active"
            aria-current="page"
            className="navlink"
            to="/about"
          >
            What is Torcano?
          </NavLink>,
        ],
      },
      "ref": null,
      "rendered": Array [
        Object {
          "instance": null,
          "key": undefined,
          "nodeType": "function",
          "props": Object {
            "activeClassName": "active",
            "aria-current": "page",
            "children": "Relevant Articles",
            "className": "navlink",
            "to": "/relevant",
          },
          "ref": null,
          "rendered": "Relevant Articles",
          "type": [Function],
        },
        Object {
          "instance": null,
          "key": undefined,
          "nodeType": "function",
          "props": Object {
            "activeClassName": "active",
            "aria-current": "page",
            "children": "Current Events",
            "className": "navlink",
            "to": "/current",
          },
          "ref": null,
          "rendered": "Current Events",
          "type": [Function],
        },
        Object {
          "instance": null,
          "key": undefined,
          "nodeType": "function",
          "props": Object {
            "activeClassName": "active",
            "aria-current": "page",
            "children": "What is Torcano?",
            "className": "navlink",
            "to": "/about",
          },
          "ref": null,
          "rendered": "What is Torcano?",
          "type": [Function],
        },
      ],
      "type": "nav",
    },
  ],
  Symbol(enzyme.__options__): Object {
    "adapter": ReactSixteenAdapter {
      "options": Object {
        "enableComponentDidUpdateOnSetState": true,
        "lifecycles": Object {
          "componentDidUpdate": Object {
            "onSetState": true,
          },
          "getDerivedStateFromProps": true,
          "getSnapshotBeforeUpdate": true,
          "setState": Object {
            "skipsComponentDidUpdateOnNullish": true,
          },
        },
      },
    },
  },
}
`;
